// Jest Snapshot v1, https://goo.gl/fbAQLP

exports[`does not open the dialog 1`] = `<div />`;

exports[`opens the edge detail dialog 1`] = `
<div
  aria-hidden="true"
/>
`;
