// Jest Snapshot v1, https://goo.gl/fbAQLP

exports[`does not render th node dialog 1`] = `<div />`;
